MPLINK 4.48, Linker
Linker Map File - Created Mon Nov 20 17:17:37 2023

                                 Section Info
                  Section       Type    Address   Location Size(Bytes)
                ---------  ---------  ---------  ---------  ---------
                   .org_0       code   0x000000    program   0x000000
                   .org_1       code   0x000000    program   0x000002
                   .org_2       code   0x000005    program   0x000078



                              Program Memory Usage 
                               Start         End      
                           ---------   ---------      
                            0x000000    0x000000      
                            0x000005    0x000040      
            61 out of 8454 program addresses used, program memory utilization is 0%



                              Symbols - Sorted by Name
                     Name    Address   Location    Storage File                     
                ---------  ---------  ---------  --------- ---------                
                    CICLO   0x00000e    program     static C:\Users\PC\Documents\CursoMicroprocesadores\practica_6alt\Practica6\Ejercicio 2.asm
                   ESPERA   0x000010    program     static C:\Users\PC\Documents\CursoMicroprocesadores\practica_6alt\Practica6\Ejercicio 2.asm
                   INICIO   0x000005    program     static C:\Users\PC\Documents\CursoMicroprocesadores\practica_6alt\Practica6\Ejercicio 2.asm
                     LOOP   0x00003e    program     static C:\Users\PC\Documents\CursoMicroprocesadores\practica_6alt\Practica6\Ejercicio 2.asm
                  RETARDO   0x00003c    program     static C:\Users\PC\Documents\CursoMicroprocesadores\practica_6alt\Practica6\Ejercicio 2.asm
                  SALIDA0   0x00002a    program     static C:\Users\PC\Documents\CursoMicroprocesadores\practica_6alt\Practica6\Ejercicio 2.asm
                  SALIDA1   0x00002d    program     static C:\Users\PC\Documents\CursoMicroprocesadores\practica_6alt\Practica6\Ejercicio 2.asm
                  SALIDA2   0x000030    program     static C:\Users\PC\Documents\CursoMicroprocesadores\practica_6alt\Practica6\Ejercicio 2.asm
                  SALIDA3   0x000033    program     static C:\Users\PC\Documents\CursoMicroprocesadores\practica_6alt\Practica6\Ejercicio 2.asm
                  SALIDA4   0x000036    program     static C:\Users\PC\Documents\CursoMicroprocesadores\practica_6alt\Practica6\Ejercicio 2.asm
                  SALIDA5   0x000039    program     static C:\Users\PC\Documents\CursoMicroprocesadores\practica_6alt\Practica6\Ejercicio 2.asm



                              Symbols - Sorted by Address
                     Name    Address   Location    Storage File                     
                ---------  ---------  ---------  --------- ---------                
                   INICIO   0x000005    program     static C:\Users\PC\Documents\CursoMicroprocesadores\practica_6alt\Practica6\Ejercicio 2.asm
                    CICLO   0x00000e    program     static C:\Users\PC\Documents\CursoMicroprocesadores\practica_6alt\Practica6\Ejercicio 2.asm
                   ESPERA   0x000010    program     static C:\Users\PC\Documents\CursoMicroprocesadores\practica_6alt\Practica6\Ejercicio 2.asm
                  SALIDA0   0x00002a    program     static C:\Users\PC\Documents\CursoMicroprocesadores\practica_6alt\Practica6\Ejercicio 2.asm
                  SALIDA1   0x00002d    program     static C:\Users\PC\Documents\CursoMicroprocesadores\practica_6alt\Practica6\Ejercicio 2.asm
                  SALIDA2   0x000030    program     static C:\Users\PC\Documents\CursoMicroprocesadores\practica_6alt\Practica6\Ejercicio 2.asm
                  SALIDA3   0x000033    program     static C:\Users\PC\Documents\CursoMicroprocesadores\practica_6alt\Practica6\Ejercicio 2.asm
                  SALIDA4   0x000036    program     static C:\Users\PC\Documents\CursoMicroprocesadores\practica_6alt\Practica6\Ejercicio 2.asm
                  SALIDA5   0x000039    program     static C:\Users\PC\Documents\CursoMicroprocesadores\practica_6alt\Practica6\Ejercicio 2.asm
                  RETARDO   0x00003c    program     static C:\Users\PC\Documents\CursoMicroprocesadores\practica_6alt\Practica6\Ejercicio 2.asm
                     LOOP   0x00003e    program     static C:\Users\PC\Documents\CursoMicroprocesadores\practica_6alt\Practica6\Ejercicio 2.asm


